2024-12-08 15:16:25.770 | INFO     | __main__:run_Gathering0:634 - resolution='sentence' | RT_col='TF' | remove_outliers=False | reading_regime='Gathering0'
2024-12-08 15:16:25.771 | INFO     | __main__:get_eye_df:24 - Loading et_df...
2024-12-08 15:16:26.614 | INFO     | __main__:get_eye_df:26 - eye_df n rows: 533971
2024-12-08 15:16:27.071 | INFO     | __main__:preprocess_eye_df:56 - Clean| Filter Gathering0 | % removed: 55.60% | len(eye_df): 237086
2024-12-08 15:16:27.161 | INFO     | __main__:preprocess_eye_df:60 - Clean| Removed 457 rows with TF<3000 | % removed: 0.19% | len(eye_df): 236629
2024-12-08 15:16:27.731 | INFO     | __main__:run_Gathering0:643 - ------- Finish -------
2024-12-15 08:32:46.056 | INFO     | __main__:run_Gathering0:640 - resolution='paragraph' | RT_col='TF' | remove_outliers=False | reading_regime='Gathering0'
2024-12-15 08:32:46.056 | INFO     | __main__:get_eye_df:30 - Loading et_df...
2024-12-15 08:32:46.520 | INFO     | __main__:get_eye_df:32 - eye_df n rows: 533971
2024-12-15 08:32:46.973 | INFO     | __main__:preprocess_eye_df:62 - Clean| Filter Gathering0 | % removed: 55.60% | len(eye_df): 237086
2024-12-15 08:32:47.078 | INFO     | __main__:preprocess_eye_df:66 - Clean| Removed 457 rows with TF<3000 | % removed: 0.19% | len(eye_df): 236629
2024-12-15 08:32:47.609 | INFO     | __main__:run_Gathering0:649 - ------- Finish -------
2024-12-15 08:32:53.247 | INFO     | __main__:run_Gathering0:640 - resolution='sentence' | RT_col='TF' | remove_outliers=False | reading_regime='Gathering0'
2024-12-15 08:32:53.248 | INFO     | __main__:get_eye_df:30 - Loading et_df...
2024-12-15 08:32:53.668 | INFO     | __main__:get_eye_df:32 - eye_df n rows: 533971
2024-12-15 08:32:54.265 | INFO     | __main__:preprocess_eye_df:62 - Clean| Filter Gathering0 | % removed: 55.60% | len(eye_df): 237086
2024-12-15 08:32:54.369 | INFO     | __main__:preprocess_eye_df:66 - Clean| Removed 457 rows with TF<3000 | % removed: 0.19% | len(eye_df): 236629
2024-12-15 08:32:54.955 | INFO     | __main__:run_Gathering0:649 - ------- Finish -------
2024-12-15 08:34:36.191 | INFO     | __main__:run_Gathering0:640 - resolution='paragraph' | RT_col='TF' | remove_outliers=False | reading_regime='Gathering0'
2024-12-15 08:34:36.191 | INFO     | __main__:get_eye_df:30 - Loading et_df...
2024-12-15 08:34:36.694 | INFO     | __main__:get_eye_df:32 - eye_df n rows: 533971
2024-12-15 08:34:37.148 | INFO     | __main__:preprocess_eye_df:62 - Clean| Filter Gathering0 | % removed: 55.60% | len(eye_df): 237086
2024-12-15 08:34:37.239 | INFO     | __main__:preprocess_eye_df:66 - Clean| Removed 457 rows with TF<3000 | % removed: 0.19% | len(eye_df): 236629
2024-12-15 08:34:37.767 | INFO     | __main__:run_Gathering0:649 - ------- Finish -------
2024-12-15 08:34:43.268 | INFO     | __main__:run_Gathering0:640 - resolution='sentence' | RT_col='TF' | remove_outliers=False | reading_regime='Gathering0'
2024-12-15 08:34:43.268 | INFO     | __main__:get_eye_df:30 - Loading et_df...
2024-12-15 08:34:43.681 | INFO     | __main__:get_eye_df:32 - eye_df n rows: 533971
2024-12-15 08:34:44.212 | INFO     | __main__:preprocess_eye_df:62 - Clean| Filter Gathering0 | % removed: 55.60% | len(eye_df): 237086
2024-12-15 08:34:44.312 | INFO     | __main__:preprocess_eye_df:66 - Clean| Removed 457 rows with TF<3000 | % removed: 0.19% | len(eye_df): 236629
2024-12-15 08:34:44.897 | INFO     | __main__:run_Gathering0:649 - ------- Finish -------
2024-12-15 08:36:31.477 | INFO     | __main__:run_Gathering0:642 - resolution='paragraph' | RT_col='TF' | remove_outliers=False | reading_regime='Gathering0'
2024-12-15 08:36:31.477 | INFO     | __main__:get_eye_df:32 - Loading et_df...
2024-12-15 08:36:31.952 | INFO     | __main__:get_eye_df:34 - eye_df n rows: 533971
2024-12-15 08:36:32.383 | INFO     | __main__:preprocess_eye_df:64 - Clean| Filter Gathering0 | % removed: 55.60% | len(eye_df): 237086
2024-12-15 08:36:32.488 | INFO     | __main__:preprocess_eye_df:68 - Clean| Removed 457 rows with TF<3000 | % removed: 0.19% | len(eye_df): 236629
2024-12-15 08:36:33.012 | INFO     | __main__:run_Gathering0:651 - ------- Finish -------
2024-12-15 08:36:38.591 | INFO     | __main__:run_Gathering0:642 - resolution='sentence' | RT_col='TF' | remove_outliers=False | reading_regime='Gathering0'
2024-12-15 08:36:38.591 | INFO     | __main__:get_eye_df:32 - Loading et_df...
2024-12-15 08:36:39.021 | INFO     | __main__:get_eye_df:34 - eye_df n rows: 533971
2024-12-15 08:36:39.539 | INFO     | __main__:preprocess_eye_df:64 - Clean| Filter Gathering0 | % removed: 55.60% | len(eye_df): 237086
2024-12-15 08:36:39.642 | INFO     | __main__:preprocess_eye_df:68 - Clean| Removed 457 rows with TF<3000 | % removed: 0.19% | len(eye_df): 236629
2024-12-15 08:36:40.231 | INFO     | __main__:run_Gathering0:651 - ------- Finish -------
2024-12-17 19:14:12.615 | INFO     | __main__:run_Gathering0:715 - resolution='paragraph' | RT_col='TF' | remove_outliers=False | reading_regime='Gathering0'
2024-12-17 19:14:12.615 | INFO     | __main__:get_eye_df:32 - Loading et_df...
2024-12-17 19:14:13.181 | INFO     | __main__:get_eye_df:34 - eye_df n rows: 533971
2024-12-17 19:14:13.881 | INFO     | __main__:preprocess_eye_df:66 - Clean| Filter Gathering0 | % removed: 55.60% | len(eye_df): 237086
2024-12-17 19:14:13.952 | INFO     | __main__:preprocess_eye_df:70 - Clean| Removed 457 rows with TF<3000 | % removed: 0.19% | len(eye_df): 236629
2024-12-17 19:14:14.824 | INFO     | __main__:run_Gathering0:724 - ------- Finish -------
2024-12-17 19:14:21.993 | INFO     | __main__:run_Gathering0:715 - resolution='sentence' | RT_col='TF' | remove_outliers=False | reading_regime='Gathering0'
2024-12-17 19:14:21.994 | INFO     | __main__:get_eye_df:32 - Loading et_df...
2024-12-17 19:14:22.452 | INFO     | __main__:get_eye_df:34 - eye_df n rows: 533971
2024-12-17 19:14:23.201 | INFO     | __main__:preprocess_eye_df:66 - Clean| Filter Gathering0 | % removed: 55.60% | len(eye_df): 237086
2024-12-17 19:14:23.278 | INFO     | __main__:preprocess_eye_df:70 - Clean| Removed 457 rows with TF<3000 | % removed: 0.19% | len(eye_df): 236629
2024-12-17 19:14:24.271 | INFO     | __main__:run_Gathering0:724 - ------- Finish -------
